---
source: crates/tmark-writers/tests/fixtures.rs
expression: snapshot
---
Keep \tsmark{this sentence} for the summary.

---requires---
{
  "packages": [
    "epigraph",
    "graphicx",
    "marginnote",
    "multicol",
    "pdflscape",
    "progressbar",
    "xcolor"
  ],
  "fragments": [
    "ts-typesetting"
  ],
  "shell_escape": false,
  "assets": [],
  "bibliography": false,
  "citations": [],
  "acronyms": [],
  "index": [],
  "counters": []
}
