---
source: crates/tmark-writers/tests/fixtures.rs
expression: snapshot
---
\phantomsection\label{claim}

See \hyperref[claim]{the claim}, not [that][no-such-label].

---requires---
{
  "packages": [],
  "fragments": [],
  "shell_escape": false,
  "assets": [],
  "bibliography": false,
  "citations": [],
  "acronyms": [],
  "index": [],
  "counters": []
}
