---
source: crates/tmark-writers/tests/web.rs
expression: snapshot
---
---
epigraph:
  quote: Simplicity is prerequisite for reliability.
  source: Edsger W. Dijkstra
---

# Reliability

> Simplicity is prerequisite for reliability.
> {.epigraph source="Edsger W. Dijkstra"}

Everything else follows.
