---
source: crates/tmark-writers/tests/web.rs
expression: snapshot
---
---
press:
  declare:
    counters:
      ex: {name: Exercice, format: "{n}"}
---

<div class="admonition note" markdown="1">
<p class="admonition-title" markdown="span"><span class="ts-counter" id="ex:un" data-counter="ex" data-key="un">1</span> : *Feu*</p>

Corps.

</div>

<details class="tip" id="tip:plie" markdown="1">
<summary class="admonition-title" markdown="span">Tip 1 (*Plié* et `code`)</summary>

Corps plié.

</details>
