---
source: crates/tmark-fmt/tests/mkdocs.rs
expression: mkdocs(&canonical)
---
---
epigraph:
  quote: Simplicity is prerequisite for reliability.
  source: Edsger W. Dijkstra
---

# Reliability

> Simplicity is prerequisite for reliability.
> {.epigraph source="Edsger W. Dijkstra"}

Everything else follows.
